// Jest Snapshot v1, https://goo.gl/fbAQLP

exports[`Loading Component Snapshot Testing 1`] = `
<section
  className="makeStyles-root-1"
>
  <div
    className="makeStyles-loadingWrapper-2"
  >
    <div
      className="makeStyles-loader-3"
    />
  </div>
</section>
`;
